{
  "version": "1.5.0",
  "plugins_used": [
    {
      "name": "ArtifactoryDetector"
    },
    {
      "name": "AWSKeyDetector"
    },
    {
      "name": "AzureStorageKeyDetector"
    },
    {
      "name": "Base64HighEntropyString",
      "limit": 4.5
    },
    {
      "name": "BasicAuthDetector"
    },
    {
      "name": "CloudantDetector"
    },
    {
      "name": "DiscordBotTokenDetector"
    },
    {
      "name": "GitHubTokenDetector"
    },
    {
      "name": "GitLabTokenDetector"
    },
    {
      "name": "HexHighEntropyString",
      "limit": 3.0
    },
    {
      "name": "IbmCloudIamDetector"
    },
    {
      "name": "IbmCosHmacDetector"
    },
    {
      "name": "IPPublicDetector"
    },
    {
      "name": "JwtTokenDetector"
    },
    {
      "name": "KeywordDetector",
      "keyword_exclude": ""
    },
    {
      "name": "MailchimpDetector"
    },
    {
      "name": "NpmDetector"
    },
    {
      "name": "OpenAIDetector"
    },
    {
      "name": "PrivateKeyDetector"
    },
    {
      "name": "PypiTokenDetector"
    },
    {
      "name": "SendGridDetector"
    },
    {
      "name": "SlackDetector"
    },
    {
      "name": "SoftlayerDetector"
    },
    {
      "name": "SquareOAuthDetector"
    },
    {
      "name": "StripeDetector"
    },
    {
      "name": "TelegramBotTokenDetector"
    },
    {
      "name": "TwilioKeyDetector"
    }
  ],
  "filters_used": [
    {
      "path": "detect_secrets.filters.allowlist.is_line_allowlisted"
    },
    {
      "path": "detect_secrets.filters.common.is_baseline_file",
      "filename": ".secrets.baseline"
    },
    {
      "path": "detect_secrets.filters.common.is_ignored_due_to_verification_policies",
      "min_level": 2
    },
    {
      "path": "detect_secrets.filters.heuristic.is_indirect_reference"
    },
    {
      "path": "detect_secrets.filters.heuristic.is_likely_id_string"
    },
    {
      "path": "detect_secrets.filters.heuristic.is_lock_file"
    },
    {
      "path": "detect_secrets.filters.heuristic.is_not_alphanumeric_string"
    },
    {
      "path": "detect_secrets.filters.heuristic.is_potential_uuid"
    },
    {
      "path": "detect_secrets.filters.heuristic.is_prefixed_with_dollar_sign"
    },
    {
      "path": "detect_secrets.filters.heuristic.is_sequential_string"
    },
    {
      "path": "detect_secrets.filters.heuristic.is_swagger_file"
    },
    {
      "path": "detect_secrets.filters.heuristic.is_templated_secret"
    },
    {
      "path": "detect_secrets.filters.regex.should_exclude_file",
      "pattern": [
        "(.*\\.lock)"
      ]
    }
  ],
  "results": {
    "docs\\source\\guide.ipynb": [
      {
        "type": "Base64 High Entropy String",
        "filename": "docs\\source\\guide.ipynb",
        "hashed_secret": "2160b46e81533adc52dfdb51ec45d43edd3c5a70",
        "is_verified": false,
        "line_number": 250
      },
      {
        "type": "Base64 High Entropy String",
        "filename": "docs\\source\\guide.ipynb",
        "hashed_secret": "6e09dfc008db5337374e8233eaa7dd07c2032bb9",
        "is_verified": false,
        "line_number": 291
      },
      {
        "type": "Base64 High Entropy String",
        "filename": "docs\\source\\guide.ipynb",
        "hashed_secret": "184538e11e1d899a6a6ec66f4724184ae968607b",
        "is_verified": false,
        "line_number": 332
      },
      {
        "type": "Base64 High Entropy String",
        "filename": "docs\\source\\guide.ipynb",
        "hashed_secret": "66f8b8214a59c494b09ac8c4e3de4282f300492b",
        "is_verified": false,
        "line_number": 414
      },
      {
        "type": "Base64 High Entropy String",
        "filename": "docs\\source\\guide.ipynb",
        "hashed_secret": "e96081a44e066a7eb09530e7a1163cf3dff07db3",
        "is_verified": false,
        "line_number": 467
      },
      {
        "type": "Base64 High Entropy String",
        "filename": "docs\\source\\guide.ipynb",
        "hashed_secret": "026abfd066079ab39bb3c94ffc43cd8acc0fd4f7",
        "is_verified": false,
        "line_number": 873
      },
      {
        "type": "Base64 High Entropy String",
        "filename": "docs\\source\\guide.ipynb",
        "hashed_secret": "887d699c281ae340c806f94de4485264f0c5c8ea",
        "is_verified": false,
        "line_number": 911
      }
    ],
    "docs\\source\\tutorial.ipynb": [
      {
        "type": "Base64 High Entropy String",
        "filename": "docs\\source\\tutorial.ipynb",
        "hashed_secret": "94da8ce220724bcfff2cc3e4411f804633e700ee",
        "is_verified": false,
        "line_number": 783
      },
      {
        "type": "Base64 High Entropy String",
        "filename": "docs\\source\\tutorial.ipynb",
        "hashed_secret": "8746efd480d200d2e2b14972ee1acbb2d272bbf3",
        "is_verified": false,
        "line_number": 898
      },
      {
        "type": "Base64 High Entropy String",
        "filename": "docs\\source\\tutorial.ipynb",
        "hashed_secret": "369004cb62168b79530f6070e877aa60257c8707",
        "is_verified": false,
        "line_number": 1180
      },
      {
        "type": "Base64 High Entropy String",
        "filename": "docs\\source\\tutorial.ipynb",
        "hashed_secret": "6e0e250f6ec6f5929d811981013ce47e47477c2d",
        "is_verified": false,
        "line_number": 1393
      },
      {
        "type": "Base64 High Entropy String",
        "filename": "docs\\source\\tutorial.ipynb",
        "hashed_secret": "5019792509f59f4f959e8bb112173360b67fe311",
        "is_verified": false,
        "line_number": 1434
      },
      {
        "type": "Base64 High Entropy String",
        "filename": "docs\\source\\tutorial.ipynb",
        "hashed_secret": "073ba7c3c3877e20a04d2b4172a610131fc602a0",
        "is_verified": false,
        "line_number": 1444
      },
      {
        "type": "Base64 High Entropy String",
        "filename": "docs\\source\\tutorial.ipynb",
        "hashed_secret": "8b51fc608f72f020228d31cea451d772c3fb5dec",
        "is_verified": false,
        "line_number": 1454
      },
      {
        "type": "Base64 High Entropy String",
        "filename": "docs\\source\\tutorial.ipynb",
        "hashed_secret": "65a8f01d59af044b64f85b6c98949763388c7006",
        "is_verified": false,
        "line_number": 1464
      },
      {
        "type": "Base64 High Entropy String",
        "filename": "docs\\source\\tutorial.ipynb",
        "hashed_secret": "7a185a9183ca9e3d9435e66c364cf984fe06032f",
        "is_verified": false,
        "line_number": 1474
      },
      {
        "type": "Base64 High Entropy String",
        "filename": "docs\\source\\tutorial.ipynb",
        "hashed_secret": "00f9c87cff483554d11ef2b8eb2c47c46228b367",
        "is_verified": false,
        "line_number": 1525
      },
      {
        "type": "Base64 High Entropy String",
        "filename": "docs\\source\\tutorial.ipynb",
        "hashed_secret": "be1a3214120fe94f4470aaed1067a18a2f923ef9",
        "is_verified": false,
        "line_number": 1535
      },
      {
        "type": "Base64 High Entropy String",
        "filename": "docs\\source\\tutorial.ipynb",
        "hashed_secret": "6e3dec7c557d497f9c5bf9a7ddb6a3d121059d40",
        "is_verified": false,
        "line_number": 1545
      },
      {
        "type": "Base64 High Entropy String",
        "filename": "docs\\source\\tutorial.ipynb",
        "hashed_secret": "f8fbfecb12b0ae07e1646c8ea07030d466d03540",
        "is_verified": false,
        "line_number": 1597
      },
      {
        "type": "Base64 High Entropy String",
        "filename": "docs\\source\\tutorial.ipynb",
        "hashed_secret": "dda88f31d493104c766a3dad521e519d2d32c6f6",
        "is_verified": false,
        "line_number": 1607
      },
      {
        "type": "Base64 High Entropy String",
        "filename": "docs\\source\\tutorial.ipynb",
        "hashed_secret": "9d90c3f20459bafc1b25c0daf3885fc2d524629b",
        "is_verified": false,
        "line_number": 1617
      }
    ]
  },
  "generated_at": "2026-09-25T18:25:30Z"
}
